9,#ERR,#ERR,#ERR
#ERR,#ERR,#ERR,#ERR
#ERR,#ERR,#ERR,9